2026-02-10 10:07:39,872 - Engine - INFO - æ­£åœ¨åŠ è½½é…ç½®æ–‡ä»¶...
2026-02-10 10:07:39,877 - Engine - INFO - ğŸ”¥ å½“å‰æ¿€æ´»ç­–ç•¥: [FUTURES_GRID]
2026-02-10 10:07:39,877 - exchange.okx_client - INFO - Using Proxy: http://127.0.0.1:7897
2026-02-10 10:07:39,877 - DynamicGrid - INFO - ğŸš€ å¯åŠ¨åŠ¨æ€ç½‘æ ¼ç­–ç•¥: ETH-USDT-SWAP (Dynamic=True)
2026-02-10 10:07:39,877 - DynamicGrid - INFO - ğŸ§  æ­£åœ¨è¿›è¡Œ AI è¶‹åŠ¿åˆ†æ...
2026-02-10 10:07:39,877 - Engine - CRITICAL - ç­–ç•¥ [futures_grid] åˆå§‹åŒ–å¤±è´¥: 'OKXClient' object has no attribute 'get_candlesticks'
2026-02-10 10:07:39,899 - asyncio - ERROR - Unclosed client session
client_session: <aiohttp.client.ClientSession object at 0x00000291F46FB3B0>
2026-02-10 10:09:06,690 - Engine - INFO - æ­£åœ¨åŠ è½½é…ç½®æ–‡ä»¶...
2026-02-10 10:09:06,715 - Engine - INFO - ğŸ”¥ å½“å‰æ¿€æ´»ç­–ç•¥: [FUTURES_GRID]
2026-02-10 10:09:06,716 - exchange.okx_client - INFO - Using Proxy: http://127.0.0.1:7897
2026-02-10 10:09:06,716 - DynamicGrid - INFO - ğŸš€ å¯åŠ¨åŠ¨æ€ç½‘æ ¼ç­–ç•¥: ETH-USDT-SWAP (Dynamic=True)
2026-02-10 10:09:06,716 - DynamicGrid - INFO - ğŸ§  æ­£åœ¨è¿›è¡Œ AI è¶‹åŠ¿åˆ†æ...
2026-02-10 10:09:07,477 - DynamicGrid - INFO - ğŸ”® AI é¢„æµ‹åŒºé—´: [1983.92 ~ 2179.52] (åŸºäºå¸ƒæ—å¸¦)
2026-02-10 10:09:07,477 - DynamicGrid - INFO - ğŸ“ ç”Ÿæˆ 30 ä¸ªæ ¼å­
2026-02-10 10:09:07,835 - DynamicGrid - INFO - âš¡ å‡†å¤‡æŒ‚å• 31 ä¸ª...
2026-02-10 10:09:07,836 - Engine - CRITICAL - ç­–ç•¥ [futures_grid] åˆå§‹åŒ–å¤±è´¥: 'OKXClient' object has no attribute 'place_batch_orders'
2026-02-10 10:09:07,856 - asyncio - ERROR - Unclosed client session
client_session: <aiohttp.client.ClientSession object at 0x0000024F32B71370>
2026-02-10 10:09:07,857 - asyncio - ERROR - Unclosed connector
connections: ['deque([(<aiohttp.client_proto.ResponseHandler object at 0x0000024F32CA3350>, 311940.515)])']
connector: <aiohttp.connector.TCPConnector object at 0x0000024F32B70740>
2026-02-10 10:09:56,603 - Engine - INFO - æ­£åœ¨åŠ è½½é…ç½®æ–‡ä»¶...
2026-02-10 10:09:56,607 - Engine - INFO - ğŸ”¥ å½“å‰æ¿€æ´»ç­–ç•¥: [FUTURES_GRID]
2026-02-10 10:09:56,607 - exchange.okx_client - INFO - Using Proxy: http://127.0.0.1:7897
2026-02-10 10:09:56,608 - DynamicGrid - INFO - ğŸš€ å¯åŠ¨åŠ¨æ€ç½‘æ ¼ç­–ç•¥: ETH-USDT-SWAP (Dynamic=True)
2026-02-10 10:09:56,608 - DynamicGrid - INFO - ğŸ§  æ­£åœ¨è¿›è¡Œ AI è¶‹åŠ¿åˆ†æ...
2026-02-10 10:09:57,384 - DynamicGrid - INFO - ğŸ”® AI é¢„æµ‹åŒºé—´: [1984.06 ~ 2179.12] (åŸºäºå¸ƒæ—å¸¦)
2026-02-10 10:09:57,384 - DynamicGrid - INFO - ğŸ“ ç”Ÿæˆ 30 ä¸ªæ ¼å­
2026-02-10 10:09:57,758 - DynamicGrid - INFO - âš¡ å‡†å¤‡æŒ‚å• 30 ä¸ª...
2026-02-10 10:09:57,759 - exchange.okx_client - INFO - âš¡ æ‰¹é‡æäº¤è®¢å•: 20 ä¸ª
2026-02-10 10:09:58,107 - exchange.okx_client - ERROR - API Business Error: {'code': '1', 'data': [{'clOrdId': '', 'ordId': '', 'sCode': '51000', 'sMsg': 'Parameter posSide error ', 'tag': '', 'ts': '1770689398694'}, {'clOrdId': '', 'ordId': '', 'sCode': '51000', 'sMsg': 'Parameter posSide error ', 'tag': '', 'ts': '1770689398694'}, {'clOrdId': '', 'ordId': '', 'sCode': '51000', 'sMsg': 'Parameter posSide error ', 'tag': '', 'ts': '1770689398694'}, {'clOrdId': '', 'ordId': '', 'sCode': '51000', 'sMsg': 'Parameter posSide error ', 'tag': '', 'ts': '1770689398694'}, {'clOrdId': '', 'ordId': '', 'sCode': '51000', 'sMsg': 'Parameter posSide error ', 'tag': '', 'ts': '1770689398694'}, {'clOrdId': '', 'ordId': '', 'sCode': '51000', 'sMsg': 'Parameter posSide error ', 'tag': '', 'ts': '1770689398694'}, {'clOrdId': '', 'ordId': '', 'sCode': '51000', 'sMsg': 'Parameter posSide error ', 'tag': '', 'ts': '1770689398694'}, {'clOrdId': '', 'ordId': '', 'sCode': '51000', 'sMsg': 'Parameter posSide error ', 'tag': '', 'ts': '1770689398694'}, {'clOrdId': '', 'ordId': '', 'sCode': '51000', 'sMsg': 'Parameter posSide error ', 'tag': '', 'ts': '1770689398694'}, {'clOrdId': '', 'ordId': '', 'sCode': '51000', 'sMsg': 'Parameter posSide error ', 'tag': '', 'ts': '1770689398694'}, {'clOrdId': '', 'ordId': '', 'sCode': '51000', 'sMsg': 'Parameter posSide error ', 'tag': '', 'ts': '1770689398694'}, {'clOrdId': '', 'ordId': '', 'sCode': '51000', 'sMsg': 'Parameter posSide error ', 'tag': '', 'ts': '1770689398694'}, {'clOrdId': '', 'ordId': '', 'sCode': '51000', 'sMsg': 'Parameter posSide error ', 'tag': '', 'ts': '1770689398694'}, {'clOrdId': '', 'ordId': '', 'sCode': '51000', 'sMsg': 'Parameter posSide error ', 'tag': '', 'ts': '1770689398694'}, {'clOrdId': '', 'ordId': '', 'sCode': '51000', 'sMsg': 'Parameter posSide error ', 'tag': '', 'ts': '1770689398694'}, {'clOrdId': '', 'ordId': '', 'sCode': '51000', 'sMsg': 'Parameter posSide error ', 'tag': '', 'ts': '1770689398694'}, {'clOrdId': '', 'ordId': '', 'sCode': '51000', 'sMsg': 'Parameter posSide error ', 'tag': '', 'ts': '1770689398694'}, {'clOrdId': '', 'ordId': '', 'sCode': '51000', 'sMsg': 'Parameter posSide error ', 'tag': '', 'ts': '1770689398694'}, {'clOrdId': '', 'ordId': '', 'sCode': '51000', 'sMsg': 'Parameter posSide error ', 'tag': '', 'ts': '1770689398694'}, {'clOrdId': '', 'ordId': '', 'sCode': '51000', 'sMsg': 'Parameter posSide error ', 'tag': '', 'ts': '1770689398694'}], 'inTime': '1770689398693643', 'msg': 'All operations failed', 'outTime': '1770689398695868'}
2026-02-10 10:09:58,108 - exchange.okx_client - ERROR - æ‰¹é‡ä¸‹å•éƒ¨åˆ†æˆ–å…¨éƒ¨å¤±è´¥
2026-02-10 10:09:58,108 - exchange.okx_client - INFO - âš¡ æ‰¹é‡æäº¤è®¢å•: 10 ä¸ª
2026-02-10 10:09:58,448 - exchange.okx_client - ERROR - API Business Error: {'code': '1', 'data': [{'clOrdId': '', 'ordId': '', 'sCode': '51000', 'sMsg': 'Parameter posSide error ', 'tag': '', 'ts': '1770689399033'}, {'clOrdId': '', 'ordId': '', 'sCode': '51000', 'sMsg': 'Parameter posSide error ', 'tag': '', 'ts': '1770689399033'}, {'clOrdId': '', 'ordId': '', 'sCode': '51000', 'sMsg': 'Parameter posSide error ', 'tag': '', 'ts': '1770689399033'}, {'clOrdId': '', 'ordId': '', 'sCode': '51000', 'sMsg': 'Parameter posSide error ', 'tag': '', 'ts': '1770689399033'}, {'clOrdId': '', 'ordId': '', 'sCode': '51000', 'sMsg': 'Parameter posSide error ', 'tag': '', 'ts': '1770689399033'}, {'clOrdId': '', 'ordId': '', 'sCode': '51000', 'sMsg': 'Parameter posSide error ', 'tag': '', 'ts': '1770689399033'}, {'clOrdId': '', 'ordId': '', 'sCode': '51000', 'sMsg': 'Parameter posSide error ', 'tag': '', 'ts': '1770689399033'}, {'clOrdId': '', 'ordId': '', 'sCode': '51000', 'sMsg': 'Parameter posSide error ', 'tag': '', 'ts': '1770689399033'}, {'clOrdId': '', 'ordId': '', 'sCode': '51000', 'sMsg': 'Parameter posSide error ', 'tag': '', 'ts': '1770689399033'}, {'clOrdId': '', 'ordId': '', 'sCode': '51000', 'sMsg': 'Parameter posSide error ', 'tag': '', 'ts': '1770689399033'}], 'inTime': '1770689399033178', 'msg': 'All operations failed', 'outTime': '1770689399034594'}
2026-02-10 10:09:58,449 - exchange.okx_client - ERROR - æ‰¹é‡ä¸‹å•éƒ¨åˆ†æˆ–å…¨éƒ¨å¤±è´¥
2026-02-10 10:09:58,449 - DynamicGrid - INFO - âœ… æˆåŠŸæŒ‚å•: 0 ä¸ª
2026-02-10 10:09:58,449 - core.scheduler - INFO - â° è°ƒåº¦å™¨å·²å¯åŠ¨
2026-02-10 10:09:58,449 - Engine - INFO - âœ… å¼•æ“åˆå§‹åŒ–å®Œæˆï¼Œå¼€å§‹è¿è¡Œ...
2026-02-10 10:09:58,449 - core.scheduler - INFO - ğŸ“Š [Hourly] Margin: 1.00
2026-02-10 10:09:58,449 - core.scheduler - INFO - ğŸ“… [Daily] Generating report...
2026-02-10 10:14:27,035 - core.scheduler - INFO - â° è°ƒåº¦å™¨å·²åœæ­¢
2026-02-10 10:14:27,035 - DynamicGrid - WARNING - ğŸ›‘ ç­–ç•¥åœæ­¢ï¼Œæ­£åœ¨æ’¤é”€æ‰€æœ‰ç½‘æ ¼æŒ‚å•...
2026-02-10 10:15:21,801 - core.scheduler - INFO - â° è°ƒåº¦å™¨å·²å¯åŠ¨
2026-02-10 10:15:21,801 - GridStrategy - INFO - æ­£åœ¨åˆå§‹åŒ–ç­–ç•¥...
2026-02-10 10:15:21,804 - core.scheduler - INFO - ğŸ“Š [Hourly] Margin: 1.00
2026-02-10 10:15:21,804 - core.scheduler - INFO - ğŸ“… [Daily] Generating report...
2026-02-10 10:15:21,825 - exchange.okx_client - ERROR - Request failed: Cannot connect to host www.okx.com:443 ssl:default [getaddrinfo failed]
2026-02-10 10:15:21,844 - exchange.okx_client - ERROR - Request failed: Cannot connect to host www.okx.com:443 ssl:default [getaddrinfo failed]
2026-02-10 10:15:21,854 - exchange.okx_client - ERROR - Request failed: Cannot connect to host www.okx.com:443 ssl:default [getaddrinfo failed]
2026-02-10 10:15:21,863 - exchange.okx_client - ERROR - Request failed: Cannot connect to host www.okx.com:443 ssl:default [getaddrinfo failed]
2026-02-10 10:15:21,874 - exchange.okx_client - ERROR - Request failed: Cannot connect to host www.okx.com:443 ssl:default [getaddrinfo failed]
2026-02-10 10:15:21,874 - Engine - CRITICAL - ä¸»å¾ªç¯å¼‚å¸¸: 'NoneType' object is not subscriptable
Traceback (most recent call last):
  File "D:\git\laicai_ETH_BTC_OKX\main_auto.py", line 109, in run
    await self.strategy.run_tick()
  File "D:\git\laicai_ETH_BTC_OKX\strategy\futures_grid.py", line 153, in run_tick
    await self.initialize()
  File "D:\git\laicai_ETH_BTC_OKX\strategy\futures_grid.py", line 47, in initialize
    await self._generate_grid_plan()
  File "D:\git\laicai_ETH_BTC_OKX\strategy\futures_grid.py", line 83, in _generate_grid_plan
    curr_price = float(ticker[0]['last'])
                       ~~~~~~^^^
TypeError: 'NoneType' object is not subscriptable
2026-02-10 10:15:21,875 - GridStrategy - WARNING - ğŸ›‘ æ’¤é”€æ‰€æœ‰ç½‘æ ¼æŒ‚å•...
2026-02-10 10:18:05,956 - exchange.okx_client - INFO - Using Proxy: http://127.0.0.1:7897
2026-02-10 10:18:06,739 - Commander - CRITICAL - Unhandled Exception: could not convert string to float: ''
Traceback (most recent call last):
  File "D:\git\laicai_ETH_BTC_OKX\main_auto.py", line 385, in <module>
    asyncio.run(commander.start())
  File "C:\Users\chang\AppData\Local\Programs\Python\Python312\Lib\asyncio\runners.py", line 194, in run
    return runner.run(main)
           ^^^^^^^^^^^^^^^^
  File "C:\Users\chang\AppData\Local\Programs\Python\Python312\Lib\asyncio\runners.py", line 118, in run
    return self._loop.run_until_complete(task)
           ^^^^^^^^^^^^^^^^^^^^^^^^^^^^^^^^^^^
  File "C:\Users\chang\AppData\Local\Programs\Python\Python312\Lib\asyncio\base_events.py", line 664, in run_until_complete
    return future.result()
           ^^^^^^^^^^^^^^^
  File "D:\git\laicai_ETH_BTC_OKX\main_auto.py", line 320, in start
    self.config, self.client = await self.boot_loader.run_diagnostics()
                               ^^^^^^^^^^^^^^^^^^^^^^^^^^^^^^^^^^^^^^^^
  File "D:\git\laicai_ETH_BTC_OKX\main_auto.py", line 208, in run_diagnostics
    await self._fetch_and_display_account()
  File "D:\git\laicai_ETH_BTC_OKX\main_auto.py", line 237, in _fetch_and_display_account
    Dashboard.print_account_overview(info)
  File "D:\git\laicai_ETH_BTC_OKX\monitor\dashboard.py", line 64, in print_account_overview
    mgn_color = Colors.GREEN if float(mgn_ratio) > 300 or mgn_ratio == '' else Colors.RED
                                ^^^^^^^^^^^^^^^^
ValueError: could not convert string to float: ''
2026-02-10 10:18:06,758 - asyncio - ERROR - Unclosed client session
client_session: <aiohttp.client.ClientSession object at 0x000001DA396AA030>
2026-02-10 10:18:06,759 - asyncio - ERROR - Unclosed connector
connections: ['deque([(<aiohttp.client_proto.ResponseHandler object at 0x000001DA3B2BA930>, 312479.421)])']
connector: <aiohttp.connector.TCPConnector object at 0x000001DA36F56300>
2026-02-10 10:24:51,103 - Main - CRITICAL - Traceback (most recent call last):
  File "D:\git\laicai_ETH_BTC_OKX\main_auto.py", line 244, in run
    if not run_bootstrap_checks(ROOT_DIR):
           ^^^^^^^^^^^^^^^^^^^^
NameError: name 'run_bootstrap_checks' is not defined

2026-02-10 10:25:12,087 - Main - CRITICAL - Traceback (most recent call last):
  File "D:\git\laicai_ETH_BTC_OKX\main_auto.py", line 244, in run
    if not BootstrapChecker(ROOT_DIR):
           ^^^^^^^^^^^^^^^^^^^^^^^^^^
TypeError: BootstrapChecker.__init__() takes 1 positional argument but 2 were given

2026-02-10 10:28:45,323 - exchange.okx_client - INFO - Using Proxy: http://127.0.0.1:7897
2026-02-10 10:28:45,323 - GridStrategy - INFO - æ­£åœ¨åˆå§‹åŒ–ç­–ç•¥...
2026-02-10 10:28:46,153 - Main - ERROR - Traceback (most recent call last):
  File "D:\git\laicai_ETH_BTC_OKX\main_auto.py", line 206, in _assemble_modules
    await strategy.initialize()
  File "D:\git\laicai_ETH_BTC_OKX\strategy\futures_grid.py", line 41, in initialize
    Dashboard.print_header(self.account_info)
    ^^^^^^^^^^^^^^^^^^^^^^
AttributeError: type object 'Dashboard' has no attribute 'print_header'. Did you mean: 'print_banner'?

2026-02-10 10:28:46,154 - Main - CRITICAL - Traceback (most recent call last):
  File "D:\git\laicai_ETH_BTC_OKX\main_auto.py", line 206, in _assemble_modules
    await strategy.initialize()
  File "D:\git\laicai_ETH_BTC_OKX\strategy\futures_grid.py", line 41, in initialize
    Dashboard.print_header(self.account_info)
    ^^^^^^^^^^^^^^^^^^^^^^
AttributeError: type object 'Dashboard' has no attribute 'print_header'. Did you mean: 'print_banner'?

During handling of the above exception, another exception occurred:

Traceback (most recent call last):
  File "D:\git\laicai_ETH_BTC_OKX\main_auto.py", line 252, in run
    await self._assemble_modules()
  File "D:\git\laicai_ETH_BTC_OKX\main_auto.py", line 212, in _assemble_modules
    raise RuntimeError(f"ç­–ç•¥è£…é…å¤±è´¥: {e}")
RuntimeError: ç­–ç•¥è£…é…å¤±è´¥: type object 'Dashboard' has no attribute 'print_header'

2026-02-10 10:31:12,555 - exchange.okx_client - INFO - Using Proxy: http://127.0.0.1:7897
2026-02-10 10:31:12,556 - GridStrategy - INFO - æ­£åœ¨åˆå§‹åŒ–ç­–ç•¥...
2026-02-10 10:31:13,301 - Main - ERROR - Traceback (most recent call last):
  File "D:\git\laicai_ETH_BTC_OKX\main_auto.py", line 206, in _assemble_modules
    await strategy.initialize()
  File "D:\git\laicai_ETH_BTC_OKX\strategy\futures_grid.py", line 41, in initialize
    Dashboard.print_header(self.account_info)
    ^^^^^^^^^^^^^^^^^^^^^^
AttributeError: type object 'Dashboard' has no attribute 'print_header'. Did you mean: 'print_banner'?

2026-02-10 10:31:13,302 - Main - CRITICAL - Traceback (most recent call last):
  File "D:\git\laicai_ETH_BTC_OKX\main_auto.py", line 206, in _assemble_modules
    await strategy.initialize()
  File "D:\git\laicai_ETH_BTC_OKX\strategy\futures_grid.py", line 41, in initialize
    Dashboard.print_header(self.account_info)
    ^^^^^^^^^^^^^^^^^^^^^^
AttributeError: type object 'Dashboard' has no attribute 'print_header'. Did you mean: 'print_banner'?

During handling of the above exception, another exception occurred:

Traceback (most recent call last):
  File "D:\git\laicai_ETH_BTC_OKX\main_auto.py", line 252, in run
    await self._assemble_modules()
  File "D:\git\laicai_ETH_BTC_OKX\main_auto.py", line 212, in _assemble_modules
    raise RuntimeError(f"ç­–ç•¥è£…é…å¤±è´¥: {e}")
RuntimeError: ç­–ç•¥è£…é…å¤±è´¥: type object 'Dashboard' has no attribute 'print_header'

2026-02-10 10:34:19,595 - exchange.okx_client - INFO - Using Proxy: http://127.0.0.1:7897
2026-02-10 10:34:19,596 - GridStrategy - INFO - æ­£åœ¨åˆå§‹åŒ–ç½‘æ ¼ç­–ç•¥é€»è¾‘...
2026-02-10 10:34:21,432 - GridStrategy - INFO - å¸‚åœºè¶‹åŠ¿åˆ†æç»“æœ: {'1D': 'Bearish', '4H': 'Neutral', '15m': 'Bearish', 'ATR': 10.310000000000043}
2026-02-10 10:34:21,788 - GridStrategy - INFO - ç½‘æ ¼è®¡åˆ’ç”Ÿæˆ: {'lower': 2006.36, 'upper': 2212.56, 'grid_count': 30, 'investment': 500, 'profit_per_grid': 0.0032583378368555766}
2026-02-10 10:34:22,189 - GridStrategy - INFO - å‡†å¤‡æ‰¹é‡æŒ‚å• 30 ä¸ª...
2026-02-10 10:34:22,190 - exchange.okx_client - INFO - âš¡ æ‰¹é‡æäº¤è®¢å•: 20 ä¸ª
2026-02-10 10:34:22,548 - exchange.okx_client - ERROR - API Business Error: {'code': '1', 'data': [{'clOrdId': '', 'ordId': '', 'sCode': '51000', 'sMsg': 'Parameter posSide error ', 'tag': '', 'ts': '1770690863146'}, {'clOrdId': '', 'ordId': '', 'sCode': '51000', 'sMsg': 'Parameter posSide error ', 'tag': '', 'ts': '1770690863146'}, {'clOrdId': '', 'ordId': '', 'sCode': '51000', 'sMsg': 'Parameter posSide error ', 'tag': '', 'ts': '1770690863146'}, {'clOrdId': '', 'ordId': '', 'sCode': '51000', 'sMsg': 'Parameter posSide error ', 'tag': '', 'ts': '1770690863146'}, {'clOrdId': '', 'ordId': '', 'sCode': '51000', 'sMsg': 'Parameter posSide error ', 'tag': '', 'ts': '1770690863146'}, {'clOrdId': '', 'ordId': '', 'sCode': '51000', 'sMsg': 'Parameter posSide error ', 'tag': '', 'ts': '1770690863146'}, {'clOrdId': '', 'ordId': '', 'sCode': '51000', 'sMsg': 'Parameter posSide error ', 'tag': '', 'ts': '1770690863146'}, {'clOrdId': '', 'ordId': '', 'sCode': '51000', 'sMsg': 'Parameter posSide error ', 'tag': '', 'ts': '1770690863146'}, {'clOrdId': '', 'ordId': '', 'sCode': '51000', 'sMsg': 'Parameter posSide error ', 'tag': '', 'ts': '1770690863146'}, {'clOrdId': '', 'ordId': '', 'sCode': '51000', 'sMsg': 'Parameter posSide error ', 'tag': '', 'ts': '1770690863146'}, {'clOrdId': '', 'ordId': '', 'sCode': '51000', 'sMsg': 'Parameter posSide error ', 'tag': '', 'ts': '1770690863146'}, {'clOrdId': '', 'ordId': '', 'sCode': '51000', 'sMsg': 'Parameter posSide error ', 'tag': '', 'ts': '1770690863146'}, {'clOrdId': '', 'ordId': '', 'sCode': '51000', 'sMsg': 'Parameter posSide error ', 'tag': '', 'ts': '1770690863146'}, {'clOrdId': '', 'ordId': '', 'sCode': '51000', 'sMsg': 'Parameter posSide error ', 'tag': '', 'ts': '1770690863146'}, {'clOrdId': '', 'ordId': '', 'sCode': '51000', 'sMsg': 'Parameter posSide error ', 'tag': '', 'ts': '1770690863146'}, {'clOrdId': '', 'ordId': '', 'sCode': '51000', 'sMsg': 'Parameter posSide error ', 'tag': '', 'ts': '1770690863146'}, {'clOrdId': '', 'ordId': '', 'sCode': '51000', 'sMsg': 'Parameter posSide error ', 'tag': '', 'ts': '1770690863146'}, {'clOrdId': '', 'ordId': '', 'sCode': '51000', 'sMsg': 'Parameter posSide error ', 'tag': '', 'ts': '1770690863146'}, {'clOrdId': '', 'ordId': '', 'sCode': '51000', 'sMsg': 'Parameter posSide error ', 'tag': '', 'ts': '1770690863146'}, {'clOrdId': '', 'ordId': '', 'sCode': '51000', 'sMsg': 'Parameter posSide error ', 'tag': '', 'ts': '1770690863146'}], 'inTime': '1770690863145654', 'msg': 'All operations failed', 'outTime': '1770690863147930'}
2026-02-10 10:34:22,548 - exchange.okx_client - ERROR - æ‰¹é‡ä¸‹å•éƒ¨åˆ†æˆ–å…¨éƒ¨å¤±è´¥
2026-02-10 10:34:22,548 - exchange.okx_client - INFO - âš¡ æ‰¹é‡æäº¤è®¢å•: 10 ä¸ª
2026-02-10 10:34:23,028 - exchange.okx_client - ERROR - API Business Error: {'code': '1', 'data': [{'clOrdId': '', 'ordId': '', 'sCode': '51000', 'sMsg': 'Parameter posSide error ', 'tag': '', 'ts': '1770690863506'}, {'clOrdId': '', 'ordId': '', 'sCode': '51000', 'sMsg': 'Parameter posSide error ', 'tag': '', 'ts': '1770690863506'}, {'clOrdId': '', 'ordId': '', 'sCode': '51000', 'sMsg': 'Parameter posSide error ', 'tag': '', 'ts': '1770690863506'}, {'clOrdId': '', 'ordId': '', 'sCode': '51000', 'sMsg': 'Parameter posSide error ', 'tag': '', 'ts': '1770690863506'}, {'clOrdId': '', 'ordId': '', 'sCode': '51000', 'sMsg': 'Parameter posSide error ', 'tag': '', 'ts': '1770690863506'}, {'clOrdId': '', 'ordId': '', 'sCode': '51000', 'sMsg': 'Parameter posSide error ', 'tag': '', 'ts': '1770690863506'}, {'clOrdId': '', 'ordId': '', 'sCode': '51000', 'sMsg': 'Parameter posSide error ', 'tag': '', 'ts': '1770690863506'}, {'clOrdId': '', 'ordId': '', 'sCode': '51000', 'sMsg': 'Parameter posSide error ', 'tag': '', 'ts': '1770690863506'}, {'clOrdId': '', 'ordId': '', 'sCode': '51000', 'sMsg': 'Parameter posSide error ', 'tag': '', 'ts': '1770690863506'}, {'clOrdId': '', 'ordId': '', 'sCode': '51000', 'sMsg': 'Parameter posSide error ', 'tag': '', 'ts': '1770690863506'}], 'inTime': '1770690863505892', 'msg': 'All operations failed', 'outTime': '1770690863507711'}
2026-02-10 10:34:23,039 - exchange.okx_client - ERROR - æ‰¹é‡ä¸‹å•éƒ¨åˆ†æˆ–å…¨éƒ¨å¤±è´¥
2026-02-10 10:34:23,039 - GridStrategy - INFO - æ‰¹é‡æŒ‚å•å“åº”: 0 æ¡
2026-02-10 10:34:23,039 - GridStrategy - INFO - âœ… ç½‘æ ¼ç­–ç•¥åˆå§‹åŒ–å®Œæˆ
2026-02-10 10:34:23,039 - core.scheduler - INFO - â° è°ƒåº¦å™¨å·²å¯åŠ¨
2026-02-10 10:34:23,040 - core.scheduler - INFO - ğŸ“Š [Hourly] Margin: 1.00
2026-02-10 10:34:23,040 - core.scheduler - INFO - ğŸ“… [Daily] Generating report...
2026-02-10 10:34:59,367 - core.scheduler - INFO - â° è°ƒåº¦å™¨å·²åœæ­¢
2026-02-10 10:34:59,367 - GridStrategy - WARNING - ğŸ›‘ æ’¤é”€æ‰€æœ‰ç½‘æ ¼æŒ‚å•...
2026-02-10 10:47:45,108 - exchange.okx_client - INFO - Using Proxy: http://127.0.0.1:7897
2026-02-10 10:47:45,924 - Orchestrator - CRITICAL - Traceback (most recent call last):
  File "D:\git\laicai_ETH_BTC_OKX\main_auto.py", line 351, in run
    await self.phase_3_connect()
  File "D:\git\laicai_ETH_BTC_OKX\main_auto.py", line 170, in phase_3_connect
    Dashboard.print_account_overview(info)
  File "D:\git\laicai_ETH_BTC_OKX\monitor\dashboard.py", line 64, in print_account_overview
    mgn_color = Colors.GREEN if float(mgn_ratio) > 300 or mgn_ratio == '' else Colors.RED
                                ^^^^^^^^^^^^^^^^
ValueError: could not convert string to float: ''

